current directory: /Users/z/work/hanzo/app/vendor/bundle/ruby/3.3.0/gems/json-2.10.2/ext/json/ext/parser
/Users/z/.local/share/mise/installs/ruby/3.3.0/bin/ruby extconf.rb
checking for rb_enc_interned_str() in ruby.h... yes
checking for rb_hash_new_capa() in ruby.h... yes
checking for rb_hash_bulk_insert() in ruby.h... yes
checking for rb_category_warn() in ruby.h... yes
checking for strnlen() in string.h... yes
checking for whether -std=c99 is accepted as CFLAGS... yes
creating Makefile

current directory: /Users/z/work/hanzo/app/vendor/bundle/ruby/3.3.0/gems/json-2.10.2/ext/json/ext/parser
make DESTDIR\= sitearchdir\=./.gem.20250424-38297-rwhhj6 sitelibdir\=./.gem.20250424-38297-rwhhj6 clean

current directory: /Users/z/work/hanzo/app/vendor/bundle/ruby/3.3.0/gems/json-2.10.2/ext/json/ext/parser
make DESTDIR\= sitearchdir\=./.gem.20250424-38297-rwhhj6 sitelibdir\=./.gem.20250424-38297-rwhhj6
compiling parser.c
linking shared-object json/ext/parser.bundle

current directory: /Users/z/work/hanzo/app/vendor/bundle/ruby/3.3.0/gems/json-2.10.2/ext/json/ext/parser
make DESTDIR\= sitearchdir\=./.gem.20250424-38297-rwhhj6 sitelibdir\=./.gem.20250424-38297-rwhhj6 install
/opt/homebrew/bin/ginstall -c -m 0755 parser.bundle ./.gem.20250424-38297-rwhhj6/json/ext

current directory: /Users/z/work/hanzo/app/vendor/bundle/ruby/3.3.0/gems/json-2.10.2/ext/json/ext/parser
make DESTDIR\= sitearchdir\=./.gem.20250424-38297-rwhhj6 sitelibdir\=./.gem.20250424-38297-rwhhj6 clean
